// Jest Snapshot v1, https://goo.gl/fbAQLP

exports[`RichFileUploadField renders a basic file upload component 1`] = `
Array [
  <div
    className="css-rxpr37-RichFileUploadField"
    id="key"
    onClick={[Function]}
  >
    <img
      className="img-fluid"
      src="https://feathery.tech"
      style={
        Object {
          "maxHeight": "100%",
          "maxWidth": "100%",
          "minHeight": 0,
        }
      }
    />
    <div
      className="css-1bv0rem-RichFileUploadField"
    >
      Upload file...
    </div>
    
    
    <input
      accept="image/*"
      onChange={[Function]}
      required={true}
      style={
        Object {
          "bottom": 0,
          "height": 1,
          "opacity": 0,
          "position": "absolute",
          "width": 1,
        }
      }
      type="file"
    />
  </div>,
  "",
]
`;
